
> laowang-sub-converter@1.0.0 test
> node --experimental-vm-modules node_modules/jest/bin/jest.js

node.exe : (node:14856) ExperimentalW
arning: VM Modules is an experimental
 feature and might change at any time
At line:1 char:1
+ & "D:\/node.exe" "D:\/node_modules/
npm/bin/npm-cli.js" test
+ ~~~~~~~~~~~~~~~~~~~~~~~~~~~~~~~~~~~
~~~~~~~~~~~~~~~~~~~~~~~~
    + CategoryInfo          : NotSpe 
   cified: ((node:14856) Ex...nge a  
  t any time:String) [], RemoteExc   
 eption
    + FullyQualifiedErrorId : Native 
   CommandError
 
(Use `node --trace-warnings ...` to s
how where the warning was created)
(node:4100) ExperimentalWarning: VM M
odules is an experimental feature and
 might change at any time
(Use `node --trace-warnings ...` to s
how where the warning was created)
(node:2756) ExperimentalWarning: VM M
odules is an experimental feature and
 might change at any time
(Use `node --trace-warnings ...` to s
how where the warning was created)
PASS dist/server/tests/converters.tes
t.js
(node:14160) ExperimentalWarning: VM 
Modules is an experimental feature an
d might change at any time
(Use `node --trace-warnings ...` to s
how where the warning was created)
PASS dist/server/tests/parsers.test.j
s
FAIL server/tests/worker.test.js
  ΓùÅ Worker Thread Tests ΓÇ║ should 
parse and convert basic subscription

    Cannot find module 'D:\laowang-su
b-converter\server\utils\worker.js'


  ΓùÅ Worker Thread Tests ΓÇ║ should 
filter nodes (include)

    Cannot find module 'D:\laowang-su
b-converter\server\utils\worker.js'


  ΓùÅ Worker Thread Tests ΓÇ║ should 
sort nodes

    Cannot find module 'D:\laowang-su
b-converter\server\utils\worker.js'


  ΓùÅ Worker Thread Tests ΓÇ║ should 
add emoji

    Cannot find module 'D:\laowang-su
b-converter\server\utils\worker.js'


PASS dist/server/tests/worker.test.js
(node:16772) ExperimentalWarning: VM 
Modules is an experimental feature an
d might change at any time
(Use `node --trace-warnings ...` to s
how where the warning was created)
PASS server/tests/parsers.test.ts (11
.141 s)
(node:13828) ExperimentalWarning: VM 
Modules is an experimental feature an
d might change at any time
(Use `node --trace-warnings ...` to s
how where the warning was created)
PASS server/tests/converters.test.ts 
(11.164 s)

Test Suites: 1 failed, 5 passed, 6 to
tal
Tests:       4 failed, 20 passed, 24 
total
Snapshots:   0 total
Time:        15.577 s, estimated 33 s
Ran all test suites.
